---
source: tui/src/bottom_pane/list_selection_view.rs
expression: render_lines(&view)
---
                                                
  Select Approval Mode                          
  Switch between Codex approval presets         
                                                
› 1. Read Only (current)  Peregrine can read files  
  2. Full Access          Peregrine can edit files  
                                                
  Press enter to confirm or esc to go back
