---
source: tui/src/history_cell.rs
expression: rendered
---
╭───────────────────────────────────────╮
│ >_ Peregrine (vtest)               │
│                                       │
│ model:       gpt-5   /provider to change provider │
│ directory:   /tmp/project             │
│ permissions: YOLO mode                │
╰───────────────────────────────────────╯
